Re-extracting 1389 PDF(s); digital+heuristic; OCR=True mode=hybrid
K033840: ok
K043341: ok
K080595: ok
K080762: ok
K080896: ok
K081140: ok
K082483: ok
K092116: ok
K092967: ok
K102778: ok
K111776: ok
K120161: ok
K120489: ok
K003301: ok
K121617: ok
K123526: ok
K130831: ok
K131044: ok
K133259: ok
K133649: ok
K141069: ok
K120771: ok
K141922: ok
K142037: ok
K141480: ok
K142918: ok
K143643: ok
K150102: ok
K150817: ok
K142512: ok
K152733: ok
K153427: ok
K153351: ok
K160016: ok
K160338: ok
K160401: ok
K161068: ok
K160088: ok
K161201: ok
K161322: ok
K161382: ok
K161625: ok
K161772: ok
K161834: ok
K161959: ok
K162830: ok
K162855: ok
K161148: ok
K163013: ok
K163138: ok
K163253: ok
K163622: ok
K163623: ok
K163665: ok
K163694: ok
K170069: ok
K163339: ok
K170250: ok
K170540: ok
K170568: ok
K170747: ok
K170172: ok
K170981: ok
K171122: ok
K171056: ok
K171315: ok
K171936: ok
K172122: ok
K171328: ok
K172356: ok
K172507: ok
K172385: ok
K172959: ok
K172983: ok
K172803: ok
K173420: ok
K173327: ok
K173542: ok
K173444: ok
K173574: ok
K173588: ok
K173605: ok
K173749: ok
K173810: ok
K173780: ok
K173821: ok
K173872: ok
K173939: ok
K173839: ok
K180091: ok
K180038: ok
K180126: ok
K180161: ok
K180343: ok
K180163: ok
K180432: ok
K180599: ok
K180647: ok
K180589: ok
K180799: ok
K181247: ok
K181288: ok
K181352: ok
K181502: ok
K181572: ok
K181574: ok
K181685: ok
K181704: ok
K181771: ok
K181823: ok
K181861: ok
K181892: ok
K181916: ok
K181939: ok
K181988: ok
K182034: ok
K182035: ok
K182112: ok
K182130: ok
K182149: ok
K182177: ok
K182181: ok
K182218: ok
K182310: ok
K182336: ok
K180867: ok
K182373: ok
K182384: ok
K182419: ok
K182344: ok
K182513: ok
K182564: ok
K182616: ok
K182790: ok
K182798: ok
K182875: ok
K182901: ok
K183012: ok
K183019: ok
K183046: ok
K182456: ok
K183089: ok
K183182: ok
K183202: ok
K183204: ok
K183231: ok
K183268: ok
K183271: ok
K183133: ok
K183274: ok
K183272: ok
K183282: ok
K183322: ok
K183370: ok
K183460: ok
K183285: ok
MuPDF error: format error: No common ancestor in structure tree

K183489: ok
K183646: ok
K183648: ok
K183593: ok
K190013: ok
K190017: ok
K190072: ok
K190334: ok
K183704: ok
K190387: ok
K190362: ok
K190424: ok
K190529: ok
K190593: ok
K190442: ok
K190815: ok
K190868: ok
K190896: ok
K190898: ok
K190925: ok
K190764: ok
K191083: ok
K191125: ok
K191171: ok
K191179: ok
K191183: ok
K191194: ok
K191262: ok
K191026: ok
K191278: ok
K191370: ok
K191384: ok
K191493: ok
K191556: ok
K191585: ok
K191647: ok
K191688: ok
K191713: ok
K191928: ok
K191994: ok
K192004: ok
K191550: ok
K192051: ok
K192107: ok
K192065: ok
K192109: ok
K192167: ok
K192279: ok
K192287: ok
K192304: ok
K192320: ok
K192377: ok
K192130: ok
K192383: ok
K192415: ok
K192437: ok
K192442: ok
K192388: ok
K192531: ok
K192571: ok
K192455: ok
K192601: ok
K192574: ok
K192732: ok
K192665: ok
K192828: ok
K192832: ok
K192763: ok
K192880: ok
K192901: ok
K192945: ok
K192854: ok
K192962: ok
K192969: ok
K192973: ok
K193073: ok
K193087: ok
K193097: ok
K193109: ok
K193170: ok
K193176: ok
K193178: ok
K193210: ok
K193216: ok
K193220: ok
K193229: ok
K193248: ok
K193252: ok
K193267: ok
K192956: ok
K193281: ok
K193271: ok
K193283: ok
K193282: ok
K193287: ok
K193290: ok
K193289: ok
K193298: ok
K193300: ok
K193306: ok
K193351: ok
K193417: ok
K193518: ok
K193294: ok
K193631: ok
K193658: ok
K200036: ok
K200232: ok
K193562: ok
K200323: ok
K200356: ok
K200569: ok
K200595: ok
K200621: ok
K200667: ok
K200708: ok
K200714: ok
K200717: ok
K200743: ok
K200750: ok
K200755: ok
K200760: ok
K200497: ok
K200828: ok
K200851: ok
K200833: ok
K200855: ok
K200873: ok
K200905: ok
K200921: ok
K200941: ok
K200974: ok
K200980: ok
K200990: ok
K201012: ok
K200852: ok
K201020: ok
K201019: ok
K201039: ok
K201103: ok
K201034: ok
K201232: ok
K201298: ok
K201301: ok
K201310: ok
K201195: ok
K201369: ok
K201411: ok
K201444: ok
K201560: ok
K201615: ok
K201555: ok
K201632: ok
K201710: ok
K201745: ok
K201841: ok
K201985: ok
K201992: ok
K201836: ok
K202089: ok
K202013: ok
K202170: ok
K202229: ok
K202212: ok
K202280: ok
K202238: ok
K202300: ok
K202284: ok
K202414: ok
K202441: ok
K202404: ok
K202501: ok
K202487: ok
K202546: ok
K202527: ok
K202718: ok
K202700: ok
K202767: ok
K202928: ok
K202990: ok
K202927: ok
K203042: ok
K202992: ok
K203169: ok
K203103: ok
K203182: ok
K203225: ok
K203256: ok
K203258: ok
K203235: ok
K203260: ok
K203314: ok
K203323: ok
K203280: ok
K203329: ok
K203443: ok
K203448: ok
K203469: ok
K203508: ok
K203514: ok
K203502: ok
K203555: ok
K203517: ok
K203582: ok
K203578: ok
K203610: ok
K203617: ok
K203696: ok
K203629: ok
K203783: ok
K203785: ok
K203822: ok
K203744: ok
K210001: ok
K210053: ok
K210034: ok
K210071: ok
K210069: ok
K210085: ok
K210209: ok
K210237: ok
K210365: ok
K210404: ok
K210426: ok
K210438: ok
K210458: ok
K210484: ok
K210543: ok
K210187: ok
K210611: ok
K210632: ok
K210556: ok
K210645: ok
K210670: ok
K210666: ok
K210747: ok
K210719: ok
K210760: ok
K210807: ok
K210822: ok
K210791: ok
K210831: ok
K211118: ok
K211161: ok
K210999: ok
K211179: ok
K211279: ok
K211326: ok
K211222: ok
K211431: ok
K211379: ok
K211443: ok
K211459: ok
K211506: ok
K211541: ok
K211611: ok
K211655: ok
K211678: ok
K211733: ok
K211764: ok
K211597: ok
K211803: ok
K211824: ok
K211828: ok
K211841: ok
K211846: ok
K211867: ok
K211881: ok
K211788: ok
K211945: ok
K211951: ok
K211964: ok
K211966: ok
K211980: ok
K212005: ok
K212012: ok
K212067: ok
K212074: ok
K212100: ok
K212116: ok
K212218: ok
K211906: ok
K212219: ok
K212230: ok
K212265: ok
K212261: ok
K212274: ok
K212333: ok
K212269: ok
K212365: ok
K212383: ok
K212441: ok
K212442: ok
K212336: ok
K212466: ok
K212516: ok
K212519: ok
K212616: ok
K212624: ok
K212654: ok
K212456: ok
K212690: ok
K212704: ok
K212758: ok
K212783: ok
K212915: ok
K212960: ok
K213037: ok
K213096: ok
K213155: ok
K213165: ok
K213272: ok
K213275: ok
K213305: ok
K213307: ok
K213319: ok
K213353: ok
K213357: ok
K212662: ok
K213409: ok
K213436: ok
K213544: ok
K213566: ok
K213583: ok
K213603: ok
K213628: ok
K213642: ok
K213645: ok
K213657: ok
K213504: ok
K213668: ok
K213689: ok
K213693: ok
K213706: ok
K213713: ok
K213717: ok
K213721: ok
K213725: ok
K213686: ok
K213760: ok
K213737: ok
K213779: ok
K213776: ok
K213794: ok
K213795: ok
K213857: ok
K213886: ok
K213938: ok
K213941: ok
K213944: ok
K213882: ok
K213960: ok
K213971: ok
K213986: ok
K213998: ok
K213976: ok
K213999: ok
K214036: ok
K214019: ok
K214081: ok
K220013: ok
K214043: ok
K220034: ok
K220068: ok
K220080: ok
K220105: ok
K220043: ok
K220151: ok
K220141: ok
K220164: ok
K220192: ok
K220264: ok
K220349: ok
K220332: ok
K220358: ok
K220416: ok
K220437: ok
K220439: ok
K220446: ok
K220497: ok
K220499: ok
K220575: ok
K220589: ok
K220590: ok
K220598: ok
K220619: ok
K220624: ok
K220709: ok
K220766: ok
K220783: ok
K220786: ok
K220800: ok
K220813: ok
K220815: ok
K220848: ok
K220851: ok
K220882: ok
K220899: ok
K220928: ok
K220939: ok
K220940: ok
K220408: ok
K220961: ok
K220975: ok
K220956: ok
K221100: ok
K220986: ok
K221106: ok
K221147: ok
K221179: ok
K221183: ok
K221148: ok
K221219: ok
K221240: ok
K221241: ok
K221248: ok
K221305: ok
K221309: ok
K221314: ok
K221330: ok
K221347: ok
K221393: ok
K221432: ok
K221449: ok
K221456: ok
K221203: ok
K221552: ok
K221564: ok
K221463: ok
K221599: ok
K221624: ok
K221592: ok
K221680: ok
K221706: ok
K221716: ok
K221727: ok
K221632: ok
K221733: ok
K221762: ok
K221772: ok
K221738: ok
K221892: ok
K221921: ok
K221868: ok
K221923: ok
K221962: ok
K222036: ok
K222070: ok
K222172: ok
K222174: ok
K222176: ok
K222179: ok
K222268: ok
K222275: ok
K222277: ok
K222076: ok
K222312: ok
K222329: ok
K222361: ok
K222389: ok
K222360: ok
K222406: ok
K222428: ok
K222579: ok
K222593: ok
K222676: ok
K222692: ok
K222728: ok
K222458: ok
K222746: ok
K222755: ok
K222745: ok
K222803: ok
K222884: ok
K222921: ok
K222970: ok
K223028: ok
K223032: ok
K223042: ok
K222819: ok
K223106: ok
K223133: ok
K223073: ok
K223212: ok
K223240: ok
K223180: ok
K223268: ok
K223287: ok
K223288: ok
K223296: ok
K223311: ok
K223325: ok
K223343: ok
K223247: ok
K223357: ok
K223387: ok
K223396: ok
K223424: ok
K223347: ok
K223426: ok
K223442: ok
K223443: ok
K223439: ok
K223458: ok
K223473: ok
K223490: ok
K223491: ok
K223502: ok
K223504: ok
K223514: ok
K223516: ok
K223523: ok
K223539: ok
K223552: ok
K223553: ok
K223556: ok
K223621: ok
K223622: ok
K223501: ok
K223623: ok
K223630: ok
K223639: ok
K223659: ok
K223646: ok
K223724: ok
K223734: ok
K223738: ok
K223754: ok
K223757: ok
K223726: ok
K223771: ok
K223811: ok
K223830: ok
K223855: ok
K223864: ok
K223774: ok
K223905: ok
K230020: ok
K230039: ok
K230023: ok
K230045: ok
K230082: ok
K230084: ok
K230085: ok
K230096: ok
K230112: ok
K230144: ok
K230150: ok
K230074: ok
K230179: ok
K230208: ok
K230209: ok
K230220: ok
K230223: ok
K230197: ok
K230264: ok
K230273: ok
K230292: ok
K230337: ok
K230346: ok
K230355: ok
K230365: ok
K230370: ok
K230252: ok
K230497: ok
K230552: ok
K230553: ok
K230534: ok
K230658: ok
K230575: ok
K230751: ok
K230772: ok
K230807: ok
K230812: ok
K230823: ok
K230842: ok
K230850: ok
K230854: ok
K230899: ok
K230913: ok
K230977: ok
K231001: ok
K231010: ok
K231025: ok
K231038: ok
K230685: ok
K231094: ok
K231130: ok
K231068: ok
K231149: ok
K231143: ok
K231173: ok
K231157: ok
K231190: ok
K231195: ok
K231207: ok
K231324: ok
K231335: ok
K231281: ok
K231355: ok
K231396: ok
K231384: ok
K231459: ok
K231398: ok
K231560: ok
K231470: ok
K231572: ok
K231587: ok
K231570: ok
K231631: ok
K231642: ok
K231668: ok
K231617: ok
K231677: ok
K231683: ok
K231690: ok
K231678: ok
K231757: ok
K231764: ok
K231748: ok
K231767: ok
K231772: ok
K231779: ok
K231805: ok
K231833: ok
K231837: ok
K231855: ok
K231871: ok
K231765: ok
K231917: ok
K231898: ok
K231929: ok
K231955: ok
K231965: ok
K231966: ok
K231989: ok
K231928: ok
K232000: ok
K232023: ok
K232045: ok
K232035: ok
K232083: ok
K232096: ok
K232140: ok
K232148: ok
K232156: ok
K232231: ok
K232237: ok
K232250: ok
K232145: ok
K232305: ok
K232322: ok
K232331: ok
K232363: ok
K232367: ok
K232257: ok
K232384: ok
K232410: ok
K232412: ok
K232381: ok
K232431: ok
K232436: ok
K232416: ok
K232440: ok
K232479: ok
K232491: ok
K232482: ok
K232496: ok
K232494: ok
K232501: ok
K232526: ok
K232500: ok
K232613: ok
K232616: ok
K232535: ok
K232661: ok
K232698: ok
K232699: ok
K232686: ok
K232712: ok
K232704: ok
K232751: ok
K232760: ok
K232787: ok
K232765: ok
K232808: ok
K232835: ok
K232841: ok
K232799: ok
K232899: ok
K232856: ok
K232923: ok
K232915: ok
K233030: ok
K233080: ok
K233108: ok
K233112: ok
K233176: ok
K233186: ok
K233195: ok
K233196: ok
K233209: ok
K233211: ok
K233216: ok
K232928: ok
K233247: ok
K233249: ok
K233243: ok
K233253: ok
K233342: ok
K233409: ok
K233438: ok
K233457: ok
K233334: ok
K233543: ok
K233545: ok
K233549: ok
K233512: ok
K233562: ok
K233582: ok
K233590: ok
K233568: ok
K233625: ok
K233618: ok
K233650: ok
K233662: skip: not a PDF
K233666: ok
K233657: ok
K233673: ok
K233677: ok
K233687: ok
K233676: ok
K233698: ok
K233728: ok
K233731: ok
K233738: ok
K233749: ok
K233753: ok
K233755: ok
K233692: ok
K233822: ok
K233788: ok
K233826: ok
K233925: ok
K233955: ok
K233964: ok
K233968: ok
K233977: ok
K233864: ok
K233992: ok
K233998: ok
K233984: ok
K234042: ok
K234009: ok
K234047: ok
K234068: ok
K234141: ok
K234154: ok
K240013: ok
K240036: ok
K240003: ok
K240044: ok
K240058: ok
K240094: ok
K240172: ok
K240200: ok
K240238: ok
K240285: ok
K240290: ok
K240291: ok
K240062: ok
K240294: ok
K240353: ok
K240301: ok
K240398: ok
K240406: ok
K240408: ok
K240411: ok
K240417: ok
K240465: ok
K240516: ok
K240540: ok
K240553: ok
K240554: ok
K240555: ok
K240582: ok
K240612: ok
K240631: ok
K240642: ok
K240369: ok
K240680: ok
K240697: ok
K240645: ok
K240712: ok
K240736: ok
K240740: ok
K240744: ok
K240704: ok
K240773: ok
K240781: ok
K240791: ok
K240793: ok
K240795: ok
K240769: ok
K240845: ok
K240860: ok
K240926: ok
K240850: ok
K240929: ok
K240943: ok
K240944: ok
K240942: ok
K240953: ok
K240993: ok
K241009: ok
K241029: ok
K241038: ok
K241079: ok
K241083: ok
K240980: ok
K241108: ok
K241098: ok
K241121: ok
K241166: ok
K241197: ok
K241200: ok
K241211: ok
K241222: ok
K241232: ok
K241112: ok
K241242: ok
K241280: ok
K241292: ok
K241245: ok
K241329: ok
K241312: ok
K241350: ok
K241380: ok
K241390: ok
K241331: ok
K241429: ok
K241439: ok
K241430: ok
K241480: ok
K241481: ok
K241490: ok
K241440: ok
K241508: ok
K241543: ok
K241546: ok
K241561: ok
K241582: ok
K241585: ok
K241593: ok
K241596: ok
K241620: ok
K241496: ok
K241633: ok
K241659: ok
K241665: ok
K241676: ok
K241681: ok
K241684: ok
K241696: ok
K241719: ok
K241725: ok
K241727: ok
K241671: ok
K241747: ok
K241831: ok
K241770: ok
K241837: ok
K241887: ok
K241891: ok
K241922: ok
K241923: ok
K241949: ok
K241960: ok
K241961: ok
K241971: ok
K241982: ok
K241984: ok
K242005: ok
K242020: ok
K242054: ok
K242062: ok
K241847: ok
K242123: ok
K242129: ok
K242094: ok
K242166: ok
K242130: ok
K242168: ok
K242188: ok
K242203: ok
K242171: ok
K242240: ok
K242270: ok
K242275: ok
K242292: ok
K242215: ok
K242295: ok
K242323: ok
K242334: ok
K242338: ok
K242342: ok
K242359: ok
K242300: ok
K242388: ok
K242362: ok
K242437: ok
K242444: ok
K242447: ok
K242461: ok
K242403: ok
K242480: ok
K242488: ok
K242467: ok
K242500: ok
K242522: ok
K242523: ok
K242551: ok
K242511: ok
K242594: ok
K242583: ok
K242600: ok
K242607: ok
K242652: ok
K242683: ok
K242624: ok
K242737: ok
K242745: ok
K242748: ok
K242781: ok
K242798: ok
K242800: ok
K242807: ok
K242821: ok
K242822: ok
K242825: ok
K242830: ok
K242729: ok
K242838: ok
K242919: ok
K242925: ok
K242967: ok
K242994: ok
K243005: ok
K243038: ok
K243042: ok
K242837: ok
K243065: ok
K243122: ok
K243144: ok
K243145: ok
K243158: ok
K243189: ok
K243209: ok
K243229: ok
K243230: ok
K243234: ok
K243235: ok
K243239: ok
K243250: ok
K243268: ok
K243292: ok
K243294: ok
K243331: ok
K243335: ok
K243341: ok
K243350: ok
K243363: ok
K243376: ok
K243378: ok
K243397: ok
K243446: ok
K243449: ok
K243253: ok
K243481: ok
K243538: ok
K243523: ok
K243548: ok
K243547: ok
K243567: ok
K243611: ok
K243558: ok
K243617: ok
K243614: ok
K243620: ok
K243633: ok
K243647: ok
K243651: ok
K243628: ok
K243657: ok
K243672: ok
K243679: ok
K243681: ok
K243684: ok
K243685: ok
K243687: ok
K243667: ok
K243689: ok
K243696: ok
K243702: ok
K243705: ok
K243688: ok
K243743: ok
K243769: ok
K243762: ok
K243779: ok
K243794: ok
K243793: ok
K243810: ok
K243812: ok
K243808: ok
K243831: ok
K243853: ok
K243851: ok
K243862: ok
K243863: ok
K243859: ok
K243866: ok
K243884: ok
K243891: ok
K243893: ok
K243919: ok
K243933: ok
K243937: ok
K243950: ok
K243878: ok
K243989: ok
K243955: ok
K244002: ok
K244027: ok
K244023: ok
K250005: ok
K250023: ok
K250035: ok
K250042: ok
K250003: ok
K250064: ok
K250086: ok
K250096: ok
K250119: ok
K250151: ok
K250177: ok
K250186: ok
K250221: ok
K250087: ok
K250226: ok
K250237: ok
K250246: ok
K250248: ok
K250255: ok
K250264: ok
K250268: ok
K250236: ok
K250288: ok
K250290: ok
K250330: ok
K250337: ok
K250354: ok
K250367: ok
K250369: ok
K250328: ok
K250379: ok
K250416: ok
K250370: ok
K250436: ok
K250427: ok
K250443: ok
K250484: ok
K250507: ok
K250440: ok
K250525: ok
K250515: ok
K250543: ok
K250649: ok
K250650: ok
K250652: ok
K250660: ok
K250662: ok
K250670: ok
K250685: ok
K250686: ok
K250569: ok
K250738: ok
K250694: ok
K250753: ok
K250754: ok
K250755: ok
K250749: ok
K250766: ok
K250780: ok
K250818: ok
K250788: ok
K250877: ok
K250882: ok
K250886: ok
K250901: ok
K250902: ok
K250914: ok
K250831: ok
K250932: ok
K250941: ok
K250984: ok
K250959: ok
K251002: ok
K250999: ok
K251009: ok
K251027: ok
K251059: ok
K251029: ok
K251072: ok
K251071: ok
K251082: ok
K251078: ok
K251096: ok
K251106: ok
K251110: ok
K251151: ok
K251153: ok
K251167: ok
K251169: ok
K251126: ok
K251221: ok
K251276: ok
K251293: ok
K251316: ok
K251203: ok
K251322: ok
K251355: ok
K251342: ok
K251370: ok
K251368: ok
K251397: ok
K251386: ok
K251399: ok
K251406: ok
K251408: ok
K251455: ok
K251456: ok
K251481: ok
K251483: ok
K251494: ok
K251506: ok
K251514: ok
K251518: ok
K251527: ok
K251528: ok
K251532: ok
K251533: ok
K251590: ok
K251602: ok
K251416: ok
K251629: ok
K251639: ok
K251610: ok
K251656: ok
K251651: ok
K251673: ok
K251657: ok
K251747: ok
K251682: ok
K251763: ok
K251766: ok
K251822: ok
K251837: ok
K251839: ok
K251931: ok
K251936: ok
K251963: ok
K251873: ok
K251985: ok
K251987: ok
K252007: ok
K252029: ok
K251983: ok
K252041: ok
K252074: ok
K252054: ok
K252103: ok
K252105: ok
K252178: ok
K252204: ok
K252214: ok
K252086: ok
K252235: ok
K252284: ok
K252294: ok
K252298: ok
K252328: ok
K252330: ok
K252362: ok
K252217: ok
K252371: ok
K252366: ok
K252379: ok
K252452: ok
K252497: ok
K252504: ok
K252539: ok
K252557: ok
K252586: ok
K252482: ok
K252670: ok
K252838: ok
K252665: ok
K252922: ok
K252856: ok
K253141: ok
K253091: ok
K253265: ok
K253269: ok
K253310: ok
K253489: ok
K253532: ok
K253664: ok
K253516: ok
P000041: ok
P010034: ok
P040028: ok
P090012: ok
P110014: ok
P140011_S008: ok
P150043: ok
P150046: ok
P160009: ok
P200003: ok
P210011: ok
P210015: ok
P230022: ok
K955841: ok
EXIT:0
